Appending instruction:
[xx]yy:zzzz:pp
xx: store index(01:Mc, 02:KFC, 03:BK)
yy: item category(01:main, 02:snacks, 03:desserts, 04:beverages)
zzzz: item name(encoded with utf-8)
pp: price(in float)

McDonald's
[01]01:安格斯厚牛芝士堡:29.0
[01]01:板烧鸡腿堡:20.5
[01]01:麦辣鸡腿汉堡:20.0
[01]01:巨无霸:23.0
[01]01:麦香鱼:19.0
[01]02:麦乐鸡5块:11.5
[01]02:那么大鸡排:13.0
[01]02:薯条:12.0
[01]03:蜜桃派:8.5
[01]03:菠萝派:7.5
[01]04:可口可乐（中）:10.0
[01]04:热朱古力:11.5

KFC
[02]01:川辣嫩牛五方:18.0
[02]01:新奥尔良烤鸡腿堡S:20.0
[02]01:香辣鸡腿堡S:20.0
[02]01:老北京鸡肉卷:20.0
[02]02:（一块）吮指原味鸡:12.5
[02]02:波纹霸王薯条（中）:12.0
[02]02:黄金鸡块5块装:12.0
[02]03:红豆派:7.0
[02]03:原味圣代北美蓝莓酱:11.5
[02]04:L百事可乐中:12.0
[02]04:九珍果汁饮料:12.0

Burger King
[03]01:培根牛肉国王堡:43.0
[03]01:天椒小皇堡:17.0
[03]01:双层藤椒鸡排堡:21.0
[03]01:皇堡:25.0
[03]02:薯霸王（中）:13.5
[03]02:王道嫩香鸡块:11.5
[03]03:清甜柚子派:7.0
[03]04:可口可乐:10.5
[03]04:美汁源橙汁（448mL）:12.0
